isfriend A B
isfriend H I
isfriend A G
isfriend E I
