relation A G
relation F B
relation I H
relation F I
